# Overnight monitor log - SEED-c block + warm-up de-confound
# Launched 2026-08-25 21:38 +03, app ap-FmfGHSbLiIJJG7LotSbiSP, 7 drivers.
# Checks every ~30 min until 09:00. Quiet check = one line.
# Format: HH:MM | drivers | tasks | arms complete on volume | dashboard usage/spend
# Skip-predicate hardening committed BEFORE any resume: 6494c3d (both latest AND 20_net
# required; partial dirs reported, never skipped, never overwritten). In-flight drivers
# snapshotted the old code; only a resume picks the fix up.
22:18 | 7/7 running | 14 tasks (7 GPU) | 0/26 arm-units on volume | usage $11.77 spend $0.00 (launch reading; next balance read at next check)
22:49 | 7/7 running | 14 tasks | 0/26 arm-units | usage $26.96 spend $0.00
22:49 | NON-QUIET: burn rate measured $12.6/h (11.77->26.96 in 72 min) vs $7.70/h implied by the $1.10/h constant x7 GPU. The constant omits per-container CPU/memory billing. Early reconciliation, recorded per the standing note. Projections at this rate: usage $40 (first $10 auto-charge) ~23:50; $50 ~00:40. IF the $50 stop applies, it lands mid-C4 on all six seeds (C5 complete, C4 partial) - NOT the C1-only loss in the accepted-risk block, which was computed with the wrong constant. IF the ladder instead auto-steps past $50 (spend-limit enforcement text says it begins Sep 1), the block completes at a projected ~$80 total usage, ~$50 out-of-pocket - beyond the $20-beyond-credits exposure the accepted-risk block contemplated. Either branch differs materially from the launch-log risk statement. No action taken: billing changes and app stops are outside overnight permissions. User notified by push. Hardened skip predicate (6494c3d) makes a mid-C4 stop cleanly resumable: partials will be refused, moved aside, re-run.
23:16 | 7/7 running | 14 tasks | 0/26 arm-units | usage $28.02 spend $0.00
23:16 | CORRECTION to the 22:49 rate: dashboard posts in lumps; 22:49's $12.6/h was lag-inflated. Fitted from launch (21:38, $11.77) to 23:16 ($28.02): ~$9.2/h for the 7-container wave = ~$1.31/container-h (GPU $1.10 + CPU/mem billed on top; the constant's omission stands, magnitude smaller). Revised projections: $40 first auto-charge ~00:35; $50 ~01:40 (just before/at C4 completion on the seed drivers, C4 expected done ~01:52); full-wave completion ~03:10 at ~$64 total usage (~$34 out-of-pocket) IF the ladder auto-raises past $50. Both projections carried; ladder behaviour to be observed at the $40 crossing. No new push (same decision as 22:52 notification, numbers softened).
23:49 | 7/7 running | 15 tasks | C5 done: s47 s48 s49 (+C5_warmup done, C2_warmup running) | usage $33.73 SPEND $3.73 (credits exhausted 30.00 applied)
23:49 | C5 wall ~2.1h/arm incl staging (estimate 2.16+overhead: on estimate, slight favourable drift). Downloads: 3x C5 latest_net_G (217,727,141 b each) + C5_warmup loss_log, batch 24 s. Out-of-pocket accrual has begun; observed rate 28.02->33.73 in 33 min (~$10.4/h, lumpy). $40 charge event ~00:25, $50 ~01:25. Ladder behaviour still unobserved.
00:21 | 6/7 running (warmup driver DONE) | C5 done: s45 s47 s48 s49 s50 (s46 pending) | usage $44.31 SPEND $14.31
00:21 | WARM-UP PACKAGE COMPLETE, zero failures: C5_warmup 7,307 GPU-s (2.03 h), C2_warmup 1,865 GPU-s (0.52 h), both order hash 4b5f2320 asserted, image_folder fef294b8, driver-computed $2.80. Both loss logs downloaded (5,582 lines each). No reads performed - curves wait for morning per registration.
00:21 | LADDER OBSERVED: usage crossed $40 (~00:05) and apps did NOT stop; spend accruing past the first $10 step ($14.31). The "$20 per period" usage-limit stop has not engaged mid-flight. $50 crossing projected ~00:55. Cost fit from launch: ~$12/h at 7 containers (lumpy; upper band). Projected wave total now $64-75 usage, i.e. $34-45 out-of-pocket if nothing stops.
00:52 | 6/6 seed drivers running | C5 done 5/6 (s46 pending, slow host) | usage $49.88 SPEND $19.88 - AT both thresholds ($50 usage / $20 out-of-pocket) with all apps alive; C4s ~55% through. Next reading decides stop-vs-ladder. Rate ~$10.8/h.
01:12 | 6/6 drivers alive, 12 tasks | C5 done 6/6 (s46 downloaded) | usage $42.56 SPEND $12.56 - DASHBOARD REVISED DOWNWARD from 00:52's $49.88/$19.88. The usage figure is a live estimate subject to correction, not monotone; rate fits made from it carry that noise both ways. No stop has occurred; the 00:52 "at the threshold" reading was overstated by ~$7. $50 crossing re-projected ~02:05 (mid/late C4). All six C5 checkpoints local.
01:45 | 6/6 drivers alive, 12 tasks | C4 done: s47 s49 (downloaded, batch 36s); C4 cumulative wall ~3.9h vs 4.01h estimate | dashboard failed to render numbers this tick (2 attempts), balance carried: last good 01:12 $42.56/$12.56
02:17 | 6/6 drivers alive | C4 done 5/6 (s46 lagging ~40min); C2 done s47 s49; downloads C4 s45/s48/s50 + C2 s47/s49 (32s batch) | usage $55.10 SPEND $25.10
02:17 | LADDER RESOLVED: Usage Limit card now reads "$100 per billing period" (was $20) and "at $60 you'll be charged $20"; budget cap now "up to $100". Modal charged the card and auto-raised the limit - NO STOP at $50. The wave will complete. Projected completion ~$60-66 usage (~$30-36 out-of-pocket, within the branch push-notified at 22:52, below its $50 worst case). Next charge event ~$60 (~02:50). No new push - same branch as already notified, milder number.
02:48 | drivers: s47 DONE($5.55) s49 DONE($5.51); s45 four arms on volume (driver finishing); s48/s50 C1 running; s46 on C4 (slow host, its whole chain ~1h behind) | downloads C2 s45/s48/s50 + C1 s45/s47/s49 (35s)
02:52 | verify_latest s45/s47/s49: 12/12 arms latest==20 tensor-equal TRUE; all 12 local sha256 MATCH Modal-side. EVAL s45 STARTED (frozen code, --variant modal, per-line timestamps); queue 45,47,49 then stragglers.
03:15-noted | EVAL s45 COMPLETE exit 0, wall 3m16s (02:51:15-02:54:31). MEASURED STAGES: checkpoint sha check 4s; inference 4 arms x130 = 19s (rc=0, 130 fakes each); warp 650 tiles 4s; KARIOS 520 runs 170s (0 failures); edge ratio 2s (130 chips, 0 skipped); score <1s. CSVs: per_chip ac400313..., edge_ratio 3492d8d1... The prior "~25 min" eval expectation reflected a loaded laptop; idle-machine cost is ~3.3 min/seed, KARIOS-dominated.
03:24 | drivers DONE 5/6: s45($5.58) s47($5.55) s48($5.75) s49($5.51) s50($5.58); s46 on C1 (due ~03:45) | usage $60.69 SPEND $30.69 (limit $100, no stop) | eval s47 done 02:55-02:58 (3m; per_chip 3c091ad0, edge e5cb5b21) | downloads s48/s50 C1 + s46 C4/C2 (26s); verify_latest s48 4/4, s50 4/4; evals s49,s48,s50 chained running
03:34 | evals s49/s48/s50 chained complete, all exit 0 (~3.3m each; per_chip shas s49 recorded in eval log, s48 9dc33fab, s50 505e8f94) | 5/6 seeds scored; awaiting s46 C1 (~03:45)
03:56-03:59 | s46 C1 downloaded, verify_latest 4/4 tensor-equal (shas e022f377/af13b6b0/52469756/6b3cd4ca), EVAL s46 complete exit 0 (3m23s; per_chip e1b83871, edge d55a8164)
04:01 | ALL DONE: 7/7 drivers complete zero failures; 26/26 arm-units; 6/6 seeds scored by frozen code | usage $61.96 SPEND $31.96 | driver-computed wave $36.33 vs dashboard wave $50.19 -> x1.38, effective ~$1.52/GPU-container-h vs the $1.10 constant
04:05 | six-seed contrast table computed and recorded in seed-block-morning-report.md (signs only, nothing applied). Monitoring continues quietly until 09:00.
05:03 | nothing running (no ephemeral apps) | usage SETTLED DOWN to $53.00 spend $23.00 (04:01's $61.96 was a pre-settle estimate). Settled wave cost 53.00-11.77 = $41.23 vs driver-computed $36.33 -> x1.13, effective ~$1.25/GPU-container-h. Morning report section 3 carries a dated correction note.
06:04 | quiet | nothing running | usage $53.00 spend $23.00 (stable)
07:06 | quiet | nothing running | usage $53.00 spend $23.00 (stable)
08:06 | quiet | nothing running | usage $53.00 spend $23.00 (stable)
09:01 | final | Live Apps 0 (25 stopped) | usage $53.00 spend $23.00 (settled, unchanged since 05:03)
09:01 | monitor ends. 26/26 arm-units, zero failures, six seeds scored by frozen code, warm-up curves unread, no reading applied. Hand-off: seed-block-morning-report.md
10:35 | LOG CLOSED. Morning session applied the SEED-c registered readings to the six-seed table; results in seed-block-results.md. Outcome: primary/secondary/both main effects/both mechanism readings HELD 6/6; I_raw negative in all six FAILED 5/6 (seed 46 = +0.0594), and the same seed is positive on the log and rank re-scalings too, so the registered interaction consequence FIRES. Cost settled at usage $53.00 / out-of-pocket $23.00, reconciliation x1.13 (~$1.25/GPU-container-h). Warm-up curves still unread - next session, own registered branches. No further monitoring: no cron jobs, no background monitor processes, no live Modal apps.
